#
# There is insufficient memory for the Java Runtime Environment to continue.
# Native memory allocation (mmap) failed to map 536870912 bytes. Error detail: G1 virtual space
# Possible reasons:
#   The system is out of physical RAM or swap space
#   This process is running with CompressedOops enabled, and the Java Heap may be blocking the growth of the native heap
# Possible solutions:
#   Reduce memory load on the system
#   Increase physical memory or swap space
#   Check if swap backing store is full
#   Decrease Java heap size (-Xmx/-Xms)
#   Decrease number of Java threads
#   Decrease Java thread stack sizes (-Xss)
#   Set larger code cache with -XX:ReservedCodeCacheSize=
#   JVM is running with Zero Based Compressed Oops mode in which the Java heap is
#     placed in the first 32GB address space. The Java Heap base address is the
#     maximum limit for the native heap growth. Please use -XX:HeapBaseMinAddress
#     to set the Java Heap base and to place the Java Heap above 32GB virtual address.
# This output file may be truncated or incomplete.
#
#  Out of Memory Error (os_windows.cpp:3925), pid=31096, tid=27296
#
# JRE version:  (21.0.8) (build )
# Java VM: OpenJDK 64-Bit Server VM (21.0.8+-14196175-b1038.72, mixed mode, sharing, tiered, compressed oops, compressed class ptrs, g1 gc, windows-amd64)
# No core dump will be written. Minidumps are not enabled by default on client versions of Windows
#

---------------  S U M M A R Y ------------

Command Line: org.jetbrains.kotlin.cli.jvm.K2JVMCompiler @E:\Repo\MedInfo\app\build\20260311_12866676558469473352.compiler.options

Host: 11th Gen Intel(R) Core(TM) i5-11600KF @ 3.90GHz, 12 cores, 31G,  Windows 10 , 64 bit Build 19041 (10.0.19041.5915)
Time: Wed Mar 11 16:52:09 2026 elapsed time: 0.006051 seconds (0d 0h 0m 0s)

---------------  T H R E A D  ---------------

Current thread (0x0000029ad8b53c40):  JavaThread "Unknown thread" [_thread_in_vm, id=27296, stack(0x000000eec5f00000,0x000000eec6000000) (1024K)]

Stack: [0x000000eec5f00000,0x000000eec6000000]
Native frames: (J=compiled Java code, j=interpreted, Vv=VM code, C=native code)
V  [jvm.dll+0x6d68d9]
V  [jvm.dll+0x866693]
V  [jvm.dll+0x868c4e]
V  [jvm.dll+0x869333]
V  [jvm.dll+0x280566]
V  [jvm.dll+0x6d3195]
V  [jvm.dll+0x6c69ea]
V  [jvm.dll+0x3586db]
V  [jvm.dll+0x360336]
V  [jvm.dll+0x3b23f6]
V  [jvm.dll+0x3b26c8]
V  [jvm.dll+0x32ae6c]
V  [jvm.dll+0x32bb5b]
V  [jvm.dll+0x82e109]
V  [jvm.dll+0x3bf5c8]
V  [jvm.dll+0x817388]
V  [jvm.dll+0x453b6e]
V  [jvm.dll+0x4552d1]
C  [jli.dll+0x52ab]
C  [ucrtbase.dll+0x21bb2]
C  [KERNEL32.DLL+0x17374]
C  [ntdll.dll+0x4cc91]


---------------  P R O C E S S  ---------------

Threads class SMR info:
_java_thread_list=0x00007ffb9a10b988, length=0, elements={
}

Java Threads: ( => current thread )
Total: 0

Other Threads:
  0x0000029adafc2990 WorkerThread "GC Thread#0"                     [id=38668, stack(0x000000eec6000000,0x000000eec6100000) (1024K)]
  0x0000029adafd51d0 ConcurrentGCThread "G1 Main Marker"            [id=39988, stack(0x000000eec6100000,0x000000eec6200000) (1024K)]
  0x0000029adafd6470 WorkerThread "G1 Conc#0"                       [id=27964, stack(0x000000eec6200000,0x000000eec6300000) (1024K)]

[error occurred during error reporting (printing all threads), id 0xc0000005, EXCEPTION_ACCESS_VIOLATION (0xc0000005) at pc=0x00007ffb998fddd7]
VM state: not at safepoint (not fully initialized)

VM Mutex/Monitor currently owned by a thread:  ([mutex/lock_event])
[0x00007ffb9a1786b8] Heap_lock - owner thread: 0x0000029ad8b53c40

Heap address: 0x0000000602400000, size: 8156 MB, Compressed Oops mode: Zero based, Oop shift amount: 3

CDS archive(s) mapped at: [0x0000000000000000-0x0000000000000000-0x0000000000000000), size 0, SharedBaseAddress: 0x0000000800000000, ArchiveRelocationMode: 1.
Narrow klass base: 0x0000000000000000, Narrow klass shift: 0, Narrow klass range: 0x0

GC Precious Log:
 CardTable entry size: 512
 Card Set container configuration: InlinePtr #cards 4 size 8 Array Of Cards #cards 32 size 80 Howl #buckets 8 coarsen threshold 7372 Howl Bitmap #cards 1024 size 144 coarsen threshold 921 Card regions per heap region 1 cards per card region 8192

Heap:
 garbage-first heap   total 0K, used 0K [0x0000000602400000, 0x0000000800000000)
  region size 4096K, 0 young (0K), 0 survivors (0K)
 Metaspace       used 0K, committed 0K, reserved 0K
  class space    used 0K, committed 0K, reserved 0K

Heap Regions: E=young(eden), S=young(survivor), O=old, HS=humongous(starts), HC=humongous(continues), CS=collection set, F=free, TAMS=top-at-mark-start, PB=parsable bottom

Card table byte_map: [0x0000029aee5d0000,0x0000029aef5c0000] _byte_map_base: 0x0000029aeb5be000

Marking Bits: (CMBitMap*) 0x0000029adafc38a0
 Bits: [0x0000029aef5c0000, 0x0000029af7530000)

GC Heap History (0 events):
No events

Dll operation events (1 events):
Event: 0.004 Loaded shared library E:\1\jbr\bin\java.dll

Deoptimization events (0 events):
No events

Classes loaded (0 events):
No events

Classes unloaded (0 events):
No events

Classes redefined (0 events):
No events

Internal exceptions (0 events):
No events

ZGC Phase Switch (0 events):
No events

VM Operations (0 events):
No events

Memory protections (0 events):
No events

Nmethod flushes (0 events):
No events

Events (0 events):
No events


Dynamic libraries:
0x00007ff68d650000 - 0x00007ff68d65a000 	E:\1\jbr\bin\java.exe
0x00007ffbde3d0000 - 0x00007ffbde5c8000 	C:\Windows\SYSTEM32\ntdll.dll
0x00007ffbddc90000 - 0x00007ffbddd52000 	C:\Windows\System32\KERNEL32.DLL
0x00007ffbdbff0000 - 0x00007ffbdc2e6000 	C:\Windows\System32\KERNELBASE.dll
0x00007ffbdc2f0000 - 0x00007ffbdc3f0000 	C:\Windows\System32\ucrtbase.dll
0x00007ffbd6310000 - 0x00007ffbd6328000 	E:\1\jbr\bin\jli.dll
0x00007ffbd6400000 - 0x00007ffbd641b000 	E:\1\jbr\bin\VCRUNTIME140.dll
0x00007ffbdc680000 - 0x00007ffbdc821000 	C:\Windows\System32\USER32.dll
0x00007ffbdbd60000 - 0x00007ffbdbd82000 	C:\Windows\System32\win32u.dll
0x00007ffbc72f0000 - 0x00007ffbc758b000 	C:\Windows\WinSxS\amd64_microsoft.windows.common-controls_6595b64144ccf1df_6.0.19041.6456_none_60b8a6cb71f64256\COMCTL32.dll
0x00007ffbdcdd0000 - 0x00007ffbdcdfb000 	C:\Windows\System32\GDI32.dll
0x00007ffbdbc40000 - 0x00007ffbdbd59000 	C:\Windows\System32\gdi32full.dll
0x00007ffbdda50000 - 0x00007ffbddaee000 	C:\Windows\System32\msvcrt.dll
0x00007ffbdbec0000 - 0x00007ffbdbf5d000 	C:\Windows\System32\msvcp_win.dll
0x00007ffbdda20000 - 0x00007ffbdda4f000 	C:\Windows\System32\IMM32.DLL
0x00007ffbd90e0000 - 0x00007ffbd90ec000 	E:\1\jbr\bin\vcruntime140_1.dll
0x00007ffbaebd0000 - 0x00007ffbaec5d000 	E:\1\jbr\bin\msvcp140.dll
0x00007ffb995c0000 - 0x00007ffb9a256000 	E:\1\jbr\bin\server\jvm.dll
0x00007ffbddaf0000 - 0x00007ffbddba1000 	C:\Windows\System32\ADVAPI32.dll
0x00007ffbdd920000 - 0x00007ffbdd9bf000 	C:\Windows\System32\sechost.dll
0x00007ffbdc530000 - 0x00007ffbdc650000 	C:\Windows\System32\RPCRT4.dll
0x00007ffbdbc10000 - 0x00007ffbdbc37000 	C:\Windows\System32\bcrypt.dll
0x00007ffbdc8f0000 - 0x00007ffbdc95b000 	C:\Windows\System32\WS2_32.dll
0x00007ffbdaff0000 - 0x00007ffbdb03b000 	C:\Windows\SYSTEM32\POWRPROF.dll
0x00007ffbd3160000 - 0x00007ffbd316a000 	C:\Windows\SYSTEM32\VERSION.dll
0x00007ffbcfdc0000 - 0x00007ffbcfde7000 	C:\Windows\SYSTEM32\WINMM.dll
0x00007ffbdae60000 - 0x00007ffbdae72000 	C:\Windows\SYSTEM32\UMPDC.dll
0x00007ffbd98f0000 - 0x00007ffbd9902000 	C:\Windows\SYSTEM32\kernel.appcore.dll
0x00007ffbd8fb0000 - 0x00007ffbd8fba000 	E:\1\jbr\bin\jimage.dll
0x00007ffbcf430000 - 0x00007ffbcf631000 	C:\Windows\SYSTEM32\DBGHELP.DLL
0x00007ffbbf820000 - 0x00007ffbbf854000 	C:\Windows\SYSTEM32\dbgcore.DLL
0x00007ffbdbf60000 - 0x00007ffbdbfe2000 	C:\Windows\System32\bcryptPrimitives.dll
0x00007ffbd6260000 - 0x00007ffbd6280000 	E:\1\jbr\bin\java.dll

JVMTI agents: none

dbghelp: loaded successfully - version: 4.0.5 - missing functions: none
symbol engine: initialized successfully - sym options: 0x614 - pdb path: .;E:\1\jbr\bin;C:\Windows\SYSTEM32;C:\Windows\WinSxS\amd64_microsoft.windows.common-controls_6595b64144ccf1df_6.0.19041.6456_none_60b8a6cb71f64256;E:\1\jbr\bin\server

VM Arguments:
java_command: org.jetbrains.kotlin.cli.jvm.K2JVMCompiler @E:\Repo\MedInfo\app\build\20260311_12866676558469473352.compiler.options
java_class_path (initial): C:\Users\PogU\.gradle\caches\modules-2\files-2.1\org.jetbrains.kotlin\kotlin-compiler-embeddable\2.1.0\988bf980588bbbcfa1ba19c1ffd7aa869b335a31\kotlin-compiler-embeddable-2.1.0.jar;C:\Users\PogU\.gradle\caches\modules-2\files-2.1\org.jetbrains.kotlin\kotlin-stdlib\2.1.0\85f8b81009cda5890e54ba67d64b5e599c645020\kotlin-stdlib-2.1.0.jar;C:\Users\PogU\.gradle\caches\modules-2\files-2.1\org.jetbrains.kotlin\kotlin-script-runtime\2.1.0\5909da8c57b75a117714ab0e348c86101b7a3284\kotlin-script-runtime-2.1.0.jar;C:\Users\PogU\.gradle\caches\modules-2\files-2.1\org.jetbrains.kotlin\kotlin-reflect\1.6.10\1cbe9c92c12a94eea200d23c2bbaedaf3daf5132\kotlin-reflect-1.6.10.jar;C:\Users\PogU\.gradle\caches\modules-2\files-2.1\org.jetbrains.kotlin\kotlin-daemon-embeddable\2.1.0\420bae1908e4a353f5b56c3c850d24d86367b25d\kotlin-daemon-embeddable-2.1.0.jar;C:\Users\PogU\.gradle\caches\modules-2\files-2.1\org.jetbrains.intellij.deps\trove4j\1.0.20200330\3afb14d5f9ceb459d724e907a21145e8ff394f02\trove4j-1.0.20200330.jar;C:\Users\PogU\.gradle\caches\modules-2\files-2.1\org.jetbrains.kotlinx\kotlinx-coroutines-core-jvm\1.6.4\2c997cd1c0ef33f3e751d3831929aeff1390cb30\kotlinx-coroutines-core-jvm-1.6.4.jar;C:\Users\PogU\.gradle\caches\modules-2\files-2.1\org.jetbrains\annotations\13.0\919f0dfe192fb4e063e7dacadee7f8bb9a2672a9\annotations-13.0.jar
Launcher Type: SUN_STANDARD

[Global flags]
     intx CICompilerCount                          = 4                                         {product} {ergonomic}
     uint ConcGCThreads                            = 3                                         {product} {ergonomic}
     uint G1ConcRefinementThreads                  = 10                                        {product} {ergonomic}
   size_t G1HeapRegionSize                         = 4194304                                   {product} {ergonomic}
    uintx GCDrainStackTargetSize                   = 64                                        {product} {ergonomic}
   size_t InitialHeapSize                          = 536870912                                 {product} {ergonomic}
   size_t MarkStackSize                            = 4194304                                   {product} {ergonomic}
   size_t MaxHeapSize                              = 8552185856                                {product} {ergonomic}
   size_t MinHeapDeltaBytes                        = 4194304                                   {product} {ergonomic}
   size_t MinHeapSize                              = 8388608                                   {product} {ergonomic}
    uintx NonNMethodCodeHeapSize                   = 5839372                                {pd product} {ergonomic}
    uintx NonProfiledCodeHeapSize                  = 122909434                              {pd product} {ergonomic}
    uintx ProfiledCodeHeapSize                     = 122909434                              {pd product} {ergonomic}
    uintx ReservedCodeCacheSize                    = 251658240                              {pd product} {ergonomic}
     bool SegmentedCodeCache                       = true                                      {product} {ergonomic}
   size_t SoftMaxHeapSize                          = 8552185856                             {manageable} {ergonomic}
     bool UseCompressedOops                        = true                           {product lp64_product} {ergonomic}
     bool UseG1GC                                  = true                                      {product} {ergonomic}
     bool UseLargePagesIndividualAllocation        = false                                  {pd product} {ergonomic}

Logging:
Log output configuration:
 #0: stdout all=warning uptime,level,tags foldmultilines=false
 #1: stderr all=off uptime,level,tags foldmultilines=false

Environment Variables:
PATH=C:\Python38\Scripts\;C:\Python38\;C:\Program Files\Common Files\Oracle\Java\javapath;C:\Program Files (x86)\Common Files\Oracle\Java\java8path;C:\Program Files (x86)\Common Files\Oracle\Java\javapath;C:\Windows\system32;C:\Windows;C:\Windows\System32\Wbem;C:\Windows\System32\WindowsPowerShell\v1.0\;C:\Windows\System32\OpenSSH\;C:\Program Files (x86)\NVIDIA Corporation\PhysX\Common;C:\Program Files\NVIDIA Corporation\NVIDIA NvDLISR;C:\Program Files\dotnet\;C:\Program Files\Microsoft SQL Server\150\Tools\Binn\;C:\Program Files\WireSock Secure Connect\bin\;C:\Program Files\Git\cmd;C:\Program Files\Microsoft SQL Server\170\Tools\Binn\;C:\Program Files\Cloudflare\Cloudflare WARP\;C:\Program Files\Microsoft SQL Server\Client SDK\ODBC\170\Tools\Binn\;C:\Program Files (x86)\Windows Kits\10\Windows Performance Toolkit\;E:\NCBI\blast-2.17.0+\bin;C:\Users\PogU\AppData\Local\Microsoft\WindowsApps;C:\Program Files\JetBrains\PyCharm Community Edition 2022.3.1\bin;;C:\Users\PogU\.dotnet\tools;C:\Users\PogU\AppData\Local\GitHubDesktop\bin;C:\Program Files\JetBrains\JetBrains Rider 2024.3.6\bin;;E:\cursor\resources\app\bin;E:\Microsoft VS Code\bin;E:\Windsurf\bin
USERNAME=PogU
OS=Windows_NT
PROCESSOR_IDENTIFIER=Intel64 Family 6 Model 167 Stepping 1, GenuineIntel
TMP=C:\Users\PogU\AppData\Local\Temp
TEMP=C:\Users\PogU\AppData\Local\Temp




Periodic native trim disabled

JNI global refs:
JNI global refs: 0, weak refs: 0

JNI global refs memory usage: 0, weak refs: 0

Process memory usage:
Resident Set Size: 11588K (0% of 33400752K total physical memory with 5989528K free physical memory)

OOME stack traces (most recent first):
Classloader memory used:

---------------  S Y S T E M  ---------------

OS:
 Windows 10 , 64 bit Build 19041 (10.0.19041.5915)
OS uptime: 9 days 6:15 hours

CPU: total 12 (initial active 12) (6 cores per cpu, 2 threads per core) family 6 model 167 stepping 1 microcode 0x3c, cx8, cmov, fxsr, ht, mmx, 3dnowpref, sse, sse2, sse3, ssse3, sse4.1, sse4.2, popcnt, lzcnt, tsc, tscinvbit, avx, avx2, aes, erms, clmul, bmi1, bmi2, adx, avx512f, avx512dq, avx512cd, avx512bw, avx512vl, sha, fma, vzeroupper, avx512_vpopcntdq, avx512_vpclmulqdq, avx512_vaes, avx512_vnni, clflush, clflushopt, avx512_vbmi2, avx512_vbmi, rdtscp, rdpid, fsrm, gfni, avx512_bitalg, f16c, pku, avx512_ifma
Processor Information for the first 12 processors :
  Max Mhz: 3912, Current Mhz: 3912, Mhz Limit: 3912

Memory: 4k page, system-wide physical 32617M (5849M free)
TotalPageFile size 38117M (AvailPageFile size 138M)
current process WorkingSet (physical memory assigned to process): 11M, peak: 11M
current process commit charge ("private bytes"): 64M, peak: 576M

vm_info: OpenJDK 64-Bit Server VM (21.0.8+-14196175-b1038.72) for windows-amd64 JRE (21.0.8+-14196175-b1038.72), built on 2025-10-01T10:24:33Z by "builder" with MS VC++ 16.10 / 16.11 (VS2019)

END.
